Data Definition Language 数据定义语言
- 显示数据库
- 使用数据库
- 创建数据库或数据表
# DDL
总结:
- `[]` 为可选项
- `{}` 为参数:

```mysql
/*数据库*/
-- 显示当前所有数据库
SHOW DATABASES;

-- 选择当前正在使用的数据库
SELECT DATABASE();

-- 创建数据库
CREATE DATABASE [IF NOT EXISTS] {Database name} [DEFAULT CHARTSET {charset}] [COLLATE {rule}];

-- 删除数据库
DROP DATABASE [IF EXISTS] {Database name};

-- 使用数据库
USE {Database name};

/*表操作*/
-- 显示当前数据库中的所有表
SHOW TABLES;

-- 创建表
CREATE TABLE 表名(
	{Field Name 1} {DATATYPE of Field Name 1} [COMMENT {comment of the field}],
	{Field Name 2} {DATATYPE of Field Name 2} [COMMENT {coms}],
	{Field Name 3} {DATATYPE of Field Name 3} [COMMENT {coms}],
	...
)[COMMENT {comment of the table}];

-- 显示表中存在的字段
DESC {Table name};

-- 显示详细的表信息 
SHOW CREATE TABLE {Table name};

-- 删除表
DROP TABLE [IF EXISTS] {Table name};

-- 清空表中数据
TRUNCATE TABLE [IF EXISTS] {Table name};

-- 重命名表
ALTER TABLE [Table name] RENAME TO [NEW Table name];

/*字段操作*/
-- 添加字段
ALTER TABLE {Table name} ADD {Field name} {Type} [COMMENT {Comment}] [{Constraint}];

-- 修改某字段的数据类型
ALTER TABLE {Table name} MODIFY {Field name} {New data type};

-- 修改某字段名和数据类型
ALTER TABLE {Table name} CHANGE {Field name} {New field name} {New data type} [COMMENT {Comment}] [{Constraint}];

-- 删除某字段
ALTER TABLE {Table name} DROP {Field name};
```


## 数据库操作


1. 查询
  -  查询所有数据库：当前服务器所有数据库
   ```mysql
SHOW DATABASES;
```
  - 查询当前数据库：当前所处的数据库
```mysql
SELECT DATABASE();
```
> 可以确定当前在use哪个数据库
```mysql
mysql> use mysql;
Database changed
mysql> select database();
+------------+
| database() |
+------------+
| mysql      |
+------------+
1 row in set (0.00 sec)
```

2. 创建
```mysql
CREATE DATABASE [IF NOT EXISTS] 数据库名 [DEFAULT CHARTSET 字符集] [COLLATE 排序规则];
```
- 可选选项 `[IF NOT EXISTS]` ：仅当当前数据库名不存在时创建
> 如果尝试创建一个重名的数据库，则会报错。
```mysql
mysql> show databases;
+--------------------+
| Database           |
+--------------------+
| information_schema |
| mydatabase         |
| mysql              |
| performance_schema |
| sakila             |
| sys                |
| world              |
+--------------------+
7 rows in set (0.00 sec)

mysql> create database mydatabase;
ERROR 1007 (HY000): Can't create database 'mydatabase'; database exists
```
> 如果使用 if not exists作为前置条件，则不会引发该错误
```mysql
mysql> create database if not exists mydatabase;
Query OK, 1 row affected, 1 warning (0.00 sec)
```

- 可选选项`[DEFAULT CHARTSET mycharset]`：为数据库设定字符集为`mycharset`
> 设置默认字符集为UTF-8 位宽度位4
```mysql
mysql> create database test default charset utf8mb4;
Query OK, 1 row affected (0.01 sec)
```
- 可选选项`[COLLATE rule]`：为数据库设定排序规则为`rule`


3. 删除
```mysql
DROP DATABASE [IF EXISTS] 数据库名;
```
- 可选参数 `[IF EXISTS]` ：仅当存在时才删除，防止报错

4. 使用
```mysql
USE 数据库名;
```

```mysql
mysql> use mysql;
Database changed
mysql> select database();
+------------+
| database() |
+------------+
| mysql      |
+------------+
1 row in set (0.00 sec)
```

## 表操作

### SQL的数据类型

**==根据数据内容设定合适的数据类型很重要，为了减少数据存量和提高创建、查询效率。==**

- 数值类型:
| 类型           | 大小/bytes | SIGNED 范围 | UNSIGNED 范围 | 描述 |
| -------------- | ---------- | ----------- | ------------- | ---- |
| TINYINT        | 1          |             |               |      |
| SMALLINT       | 2          |             |               |      |
| MEDIUMINT      | 3          |             |               |      |
| INT or INTEGER | 4          |             |               |      |
| BIGINT         | 8          |             |               |      |
| FLOAT          | 4          |             |               |      |
| DOUBLE         | 8          |             |               |      |
| DECIMAL            |            |             |               |      |

`TINYINT UNSIGNED` ：无符号小整型，SIGNED或UNSIGNED写在数据类型后面
`DOUBLE(4, 1)`：表示总长度为4，小数点后位数为1的小数


- 字符串类型
| 类型       | 大小/bytes   | 描述 |
| ---------- | ------------ | ---- |
| CHAR       | 0-255        | 定长字符串    |
| VARCHAR   | 0-65535      | 变长字符串     |
| TINYBLOB   | 0-255        | 不超过255个字符的二进制数据     |
| TINYTEXT   | 0-255        | 短文本字符串     |
| BLOB       | 0-65535      | 二进制形式的长文本数据     |
| TEXT       | 0-65535      | 长文本数据      |
| MEDIUMBLOB | 0-16777215   | 二进制形式的中等长度文本数据     |
| MEDIUMTEXT | 0-16777215   | 中等长度文本数据     |
| LONGBLOB   | 0-4294967295 | 二进制形式的超大长度文本数据      |
| LONGTEXT           | 0-4294967295             | 超大文本数据     |
- 为什么有二进制？比如图像、视频等数据，其形式是二进制，且大小较大，存放这些东西的时候则需要二进制储存。不过一般不这么做，因为性能不好。不如只存一个连接
- `CHAR` 和`VARCHAR` : 需要设定大小
  - `CHAR(10)`: 长为10的字符串，不足补` `，性能好(显然，因为直接分配)。
  - `VARCHAR(10)`：长最大为10的字符串，不足不补任何东西，性能差。

- 日期类型
| 类型      | 大小/bytes | 范围                                      | 格式                | 描述 |
| --------- | ---------- | ----------------------------------------- | ------------------- | ---- |
| DATE      | 3          | 1000-01-01 ~ 9999-12-31                   | YYYY-MM-DD          |      |
| TIME      | 3          | -838:59:59 ~ 838:59:59                    | HH:MM:ss            |      |
| YEAR      | 1          | 1901 ~2155                                | YYYY                |      |
| DATETIME  | 8          | 1000-01-01 00:00:00 ~ 9999-12-31 23:59:59 | YYYY-MM-DD HH:MM:ss |      |
| TIMESTAMP | 4          | 1970-01-01 00:00:01 ~ 2038-01-19 03:14:07 | YYYY-MM-DD HH:MM:ss |      |



### 创建

1. 表的创建
```mysql
CREATE TABLE 表名(
	字段1 字段1类型 [COMMENT 字段1的注释],
	字段2 字段2类型 [COMMENT 字段2的注释],
	字段3 字段3类型 [COMMENT 字段3的注释],
	...
	字段1 字段1类型 [COMMENT 字段1的注释]
)[COMMENT 表的注释];
```
> 例子
```mysql
mysql> create table user(
    -> id int comment 'id',
    -> name varchar(50) comment 'user name',
    -> age int comment 'age',
    -> gender varchar(10) comment 'gender')
    -> comment 'user list';
Query OK, 0 rows affected (0.04 sec)

mysql> desc user;
+--------+-------------+------+-----+---------+-------+
| Field  | Type        | Null | Key | Default | Extra |
+--------+-------------+------+-----+---------+-------+
| id     | int         | YES  |     | NULL    |       |
| name   | varchar(50) | YES  |     | NULL    |       |
| age    | int         | YES  |     | NULL    |       |
| gender | varchar(10) | YES  |     | NULL    |       |
+--------+-------------+------+-----+---------+-------+
4 rows in set (0.00 sec)

mysql> show create table user;
+-------+--------------------------------------------------------------------------------------------------------------------------------------------------------------------------------------------------------------------------------------------------------------------------------------------------------+
| Table | Create Table                                                                                                                                                                                                                                                                                           |
+-------+--------------------------------------------------------------------------------------------------------------------------------------------------------------------------------------------------------------------------------------------------------------------------------------------------------+
| user  | CREATE TABLE `user` (
  `id` int DEFAULT NULL COMMENT 'id',
  `name` varchar(50) DEFAULT NULL COMMENT 'user name',
  `age` int DEFAULT NULL COMMENT 'age',
  `gender` varchar(10) DEFAULT NULL COMMENT 'gender'
) ENGINE=InnoDB DEFAULT CHARSET=utf8mb4 COLLATE=utf8mb4_0900_ai_ci COMMENT='user list' |
+-------+--------------------------------------------------------------------------------------------------------------------------------------------------------------------------------------------------------------------------------------------------------------------------------------------------------+
1 row in set (0.00 sec)
```

### 查询

1. 查询当前数据库中所有的表
```mysql
SHOW TABLES;
```
> 示例
```mysql
mysql> use world;
Database changed
mysql> show tables;
+-----------------+
| Tables_in_world |
+-----------------+
| city            |
| country         |
| countrylanguage |
+-----------------+
3 rows in set (0.00 sec)
```

2. 查询表的结构
```mysql
DESC 表名;
```

3. 查询表的建表语句
```mysql
SHOW CREATE TABLE 表名;
```


### 修改

语法是:
```mysql
ALTER [TYPE] [TB NAME] [ACTION] ...
```

- 修改表名
```mysql
ALTER TABLE [TB NAME] RENAME TO [NEW TB NAME];
```


- 添加字段
```mysql
ALTER TABLE 表名 ADD 字段名 类型 [COMMENT 注释] [约束];
```

>示例
```mysql
mysql> alter table user add nickname varchar(20) comment 'nick name';
Query OK, 0 rows affected (0.06 sec)
Records: 0  Duplicates: 0  Warnings: 0

mysql> desc user;
+----------+-------------+------+-----+---------+-------+
| Field    | Type        | Null | Key | Default | Extra |
+----------+-------------+------+-----+---------+-------+
| id       | int         | YES  |     | NULL    |       |
| name     | varchar(50) | YES  |     | NULL    |       |
| age      | int         | YES  |     | NULL    |       |
| gender   | varchar(10) | YES  |     | NULL    |       |
| nickname | varchar(20) | YES  |     | NULL    |       |
+----------+-------------+------+-----+---------+-------+
5 rows in set (0.01 sec)

```

- 修改字段
```mysql
/*仅修改数据类型*/
ALTER TABLE 表名 MODIFY 字段名 新数据类型;

/*修改字段名和数据类型*/
ALTER TABLE 表名 CHANGE 旧字段名 新字段名 新数据类型 [COMMENT 注释] [约束];
```

>例子
```mysql
mysql> alter table user change nickname username varchar(10) comment 'user name';
Query OK, 0 rows affected (0.02 sec)
Records: 0  Duplicates: 0  Warnings: 0

mysql> desc user;
+----------+-------------+------+-----+---------+-------+
| Field    | Type        | Null | Key | Default | Extra |
+----------+-------------+------+-----+---------+-------+
| id       | int         | YES  |     | NULL    |       |
| name     | varchar(50) | YES  |     | NULL    |       |
| age      | int         | YES  |     | NULL    |       |
| gender   | varchar(10) | YES  |     | NULL    |       |
| username | varchar(10) | YES  |     | NULL    |       |
+----------+-------------+------+-----+---------+-------+
5 rows in set (0.00 sec)
```

### 删除

- 删除表
```mysql
/*删除该表*/
DROP TABLE [IF EXISTS] {TB_NAME};

/*删除该表后再重新创建该表*/
TRUNCATE TABLE [IF EXISTS] {TB_NAME};
```

- 删除字段
```mysql
ALTER TABLE 表名 DROP 字段名;
```


```mysql
mysql> alter table user drop username;
Query OK, 0 rows affected (0.01 sec)
Records: 0  Duplicates: 0  Warnings: 0

mysql> desc user;
+--------+-------------+------+-----+---------+-------+
| Field  | Type        | Null | Key | Default | Extra |
+--------+-------------+------+-----+---------+-------+
| id     | int         | YES  |     | NULL    |       |
| name   | varchar(50) | YES  |     | NULL    |       |
| age    | int         | YES  |     | NULL    |       |
| gender | varchar(10) | YES  |     | NULL    |       |
+--------+-------------+------+-----+---------+-------+
4 rows in set (0.00 sec)
```

